// Jest Snapshot v1, https://goo.gl/fbAQLP

exports[`should render dashboard page 1`] = `
<div>
  <h1>
    Dashboard Page
  </h1>
  <Connect(ExpenseListFilters) />
  <Connect(ExpenseList) />
</div>
`;
